// Jest Snapshot v1, https://goo.gl/fbAQLP

exports[`Render correct FilmCard Render FilmCard 1`] = `
<article
  className="small-movie-card catalog__movies-card"
  onMouseOut={[Function]}
  onMouseOver={[Function]}
>
  <div
    className="small-movie-card__image"
  >
    <img
      alt="The Grand Budapest"
      height="175"
      width="280"
    />
  </div>
  <h3
    className="small-movie-card__title"
  >
    <a
      className="small-movie-card__link"
      href="#"
    >
      The Grand Budapest
    </a>
  </h3>
</article>
`;
